// Jest Snapshot v1, https://goo.gl/fbAQLP

exports[`App component renders App 1`] = `
<DocumentFragment>
  <form
    class="Request"
  >
    <input
      placeholder="https://"
      type="url"
    />
    <div>
      <input
        id="get"
        name="method"
        type="radio"
        value="GET"
      />
      <label
        for="get"
      >
        GET
      </label>
      <input
        id="post"
        name="method"
        type="radio"
        value="POST"
      />
      <label
        for="post"
      >
        POST
      </label>
      <input
        id="put"
        name="method"
        type="radio"
        value="PUT"
      />
      <label
        for="put"
      >
        PUT
      </label>
      <input
        id="patch"
        name="method"
        type="radio"
        value="PATCH"
      />
      <label
        for="patch"
      >
        PATCH
      </label>
      <input
        id="delete"
        name="method"
        type="radio"
        value="DELETE"
      />
      <label
        for="delete"
      >
        DELETE
      </label>
    </div>
    <button>
      Lets Go!
    </button>
    <textarea
      cols="40"
      rows="10"
    />
  </form>
</DocumentFragment>
`;
